{"logTime": "1002/024117", "correlationVector":"op8Mo99HPfRMS7avrPtOap.1","action":"SyncServerConnectionManagerRequest", "result":"SYNC_SERVER_OK", "context":{"environment":"Prod_southeastasia_prod-s01-064-apac-southeastasia", "migrationStage":"NotStarted", "server":"akswtt003000000"}}
{"logTime": "1002/024117", "correlationVector":"op8Mo99HPfRMS7avrPtOap.2","action":"ProcessGetUpdates", "result":"Done", "context":{"dataType":"Encryption Keys", "deleted":"0", "process_failed_to_decrypt":"0", "process_pending_decryption":"0", "process_success":"1", "total":"1"}}
{"logTime": "1002/024118", "correlationVector":"B9ACnmyNQxG4At1hPzLQz7","action":"SyncServerConnectionManagerRequest", "result":"SYNC_SERVER_OK", "context":{"environment":"", "migrationStage":"", "server":""}}
{"logTime": "1002/024118", "correlationVector":"B9ACnmyNQxG4At1hPzLQz7.0","action":"EncryptionKeysFetcher.DownloadKeys:", "result":"Success", "context":Key count: 5, Last key timestamp: 2026-08-11T04:55:38Z}
{"logTime": "1002/024118", "correlationVector":"B9ACnmyNQxG4At1hPzLQz7.1","action":"EncryptionKeysManager::SetEncryptionKeys:", "result":"Success", "context":Key names[5]:[8NFtuJ7WWcu8JYdqbykP/nzFuMhBpU3GS+jcQnANw0Qoz2ZIk1/ey4lAAlvRX1Cb7lrMgoXwQeRqNULNXRd1IA==][TpA83AfUOAktUpOWkmpjpB7hIa+hRQimpJWIAd0UFQ8EjwwDneGi3ENb1AuMu90ruQhnNrgX/Bczb5APC4Fv2g==][jE+nPyh3npcQICbWxF49Z8B2CVq7zmUWUOULlArEW4HqxrnIAbaBjDUcUwV2eIIxpf1Q1VMO0YOlX4ZKSKt6Wg==][BHyjapllDSqGcVob/p4Qt7Ob/IHqdXRtZGju1kkIvzxONvkj+z10aDGw7d3bm3lbJabWT0BMwUBU3nNNLSe+3A==][rWtSxNCWNVal8HGl7jtyBTvIiFVtWzx/YCk5K0C2JNe9675kIWlancaY9zZz46r2In8k+NvPRctfdmUFOQxffw==]}
{"logTime": "1002/024118", "correlationVector":"B9ACnmyNQxG4At1hPzLQz7.2","action":"EncryptionKeysManager::SetEncryptionKeysWithTimestamps:", "result":"Success", "context":Key timestamps[5]:[2024-08-09T15:34:34Z][2025-02-06T08:57:30Z][2025-08-13T01:55:31Z][2026-02-11T10:30:19Z][2026-08-11T04:55:38Z]}
{"logTime": "1002/024118", "correlationVector":"op8Mo99HPfRMS7avrPtOap","action":"Initial GetUpdates", "result":"", "context":Reason: NEW_CLIENT. cV=op8Mo99HPfRMS7avrPtOap}
{"logTime": "1002/024118", "correlationVector":"op8Mo99HPfRMS7avrPtOap.3","action":"GetUpdates Response", "result":"Success", "context":Received 1 update(s). cV=op8Mo99HPfRMS7avrPtOap.0;server=akswtt003000000;cloudType=Consumer;environment=Prod_southeastasia_prod-s01-064-apac-southeastasia;migrationStage=NotStarted}
{"logTime": "1002/024118", "correlationVector":"gMO1XQusA52ue5pmfR4rJa","action":"Initial GetUpdates", "result":"", "context":Reason: NEWLY_SUPPORTED_DATATYPE. cV=gMO1XQusA52ue5pmfR4rJa}
{"logTime": "1002/024119", "correlationVector":"gMO1XQusA52ue5pmfR4rJa.1","action":"SyncServerConnectionManagerRequest", "result":"SYNC_SERVER_OK", "context":{"environment":"Prod_southeastasia_prod-s01-065-apac-southeastasia", "migrationStage":"NotStarted", "server":"akswtt003000006"}}
{"logTime": "1002/024119", "correlationVector":"gMO1XQusA52ue5pmfR4rJa.2","action":"ProcessGetUpdates", "result":"Done", "context":{"dataType":"Passwords", "deleted":"0", "process_failed_to_decrypt":"0", "process_pending_decryption":"0", "process_success":"14", "total":"14"}}
{"logTime": "1002/024119", "correlationVector":"gMO1XQusA52ue5pmfR4rJa.3","action":"ProcessGetUpdates", "result":"Done", "context":{"dataType":"Device Info", "deleted":"0", "process_failed_to_decrypt":"0", "process_pending_decryption":"0", "process_success":"6", "total":"6"}}
{"logTime": "1002/024119", "correlationVector":"gMO1XQusA52ue5pmfR4rJa.4","action":"GetUpdates Response", "result":"Success", "context":Received 20 update(s). cV=gMO1XQusA52ue5pmfR4rJa.0;server=akswtt003000006;cloudType=Consumer;environment=Prod_southeastasia_prod-s01-065-apac-southeastasia;migrationStage=NotStarted}
{"logTime": "1002/024119", "correlationVector":"Dg5GAtoB79Z5KqDcoNLOp3","action":"Initial GetUpdates", "result":"", "context":Reason: NEWLY_SUPPORTED_DATATYPE. cV=Dg5GAtoB79Z5KqDcoNLOp3}
{"logTime": "1002/024121", "correlationVector":"Dg5GAtoB79Z5KqDcoNLOp3.1","action":"SyncServerConnectionManagerRequest", "result":"SYNC_SERVER_OK", "context":{"environment":"Prod_southeastasia_prod-s01-064-apac-southeastasia", "migrationStage":"NotStarted", "server":"akswtt00300002s"}}
{"logTime": "1002/024121", "correlationVector":"Dg5GAtoB79Z5KqDcoNLOp3.2","action":"ProcessGetUpdates", "result":"Done", "context":{"dataType":"Bookmarks", "deleted":"2", "process_failed_to_decrypt":"0", "process_pending_decryption":"0", "process_success":"29", "total":"29"}}
{"logTime": "1002/024121", "correlationVector":"Dg5GAtoB79Z5KqDcoNLOp3.3","action":"ProcessGetUpdates", "result":"Done", "context":{"dataType":"Preferences", "deleted":"0", "process_failed_to_decrypt":"0", "process_pending_decryption":"0", "process_success":"66", "total":"66"}}
{"logTime": "1002/024121", "correlationVector":"Dg5GAtoB79Z5KqDcoNLOp3.4","action":"ProcessGetUpdates", "result":"Done", "context":{"dataType":"Autofill Profiles", "deleted":"0", "process_failed_to_decrypt":"0", "process_pending_decryption":"0", "process_success":"1", "total":"1"}}
{"logTime": "1002/024121", "correlationVector":"Dg5GAtoB79Z5KqDcoNLOp3.5","action":"ProcessGetUpdates", "result":"Done", "context":{"dataType":"Autofill", "deleted":"0", "process_failed_to_decrypt":"0", "process_pending_decryption":"0", "process_success":"153", "total":"153"}}
{"logTime": "1002/024121", "correlationVector":"Dg5GAtoB79Z5KqDcoNLOp3.6","action":"ProcessGetUpdates", "result":"Done", "context":{"dataType":"Extensions", "deleted":"0", "process_failed_to_decrypt":"0", "process_pending_decryption":"0", "process_success":"1", "total":"1"}}
{"logTime": "1002/024121", "correlationVector":"Dg5GAtoB79Z5KqDcoNLOp3.7","action":"GetUpdates Response", "result":"Success", "context":Received 250 update(s). cV=Dg5GAtoB79Z5KqDcoNLOp3.0;server=akswtt00300002s;cloudType=Consumer;environment=Prod_southeastasia_prod-s01-064-apac-southeastasia;migrationStage=NotStarted Some updates remain.}
{"logTime": "1002/024121", "correlationVector":"ssp6IaPERtRzNljCG4Afo+","action":"Initial GetUpdates", "result":"", "context":Reason: NEWLY_SUPPORTED_DATATYPE. cV=ssp6IaPERtRzNljCG4Afo+}
{"logTime": "1002/024123", "correlationVector":"ssp6IaPERtRzNljCG4Afo+.1","action":"SyncServerConnectionManagerRequest", "result":"SYNC_SERVER_OK", "context":{"environment":"Prod_southeastasia_prod-s01-064-apac-southeastasia", "migrationStage":"NotStarted", "server":"akswtt003000003"}}
{"logTime": "1002/024123", "correlationVector":"ssp6IaPERtRzNljCG4Afo+.2","action":"ProcessGetUpdates", "result":"Done", "context":{"dataType":"Bookmarks", "deleted":"0", "process_failed_to_decrypt":"0", "process_pending_decryption":"0", "process_success":"18", "total":"18"}}
{"logTime": "1002/024123", "correlationVector":"ssp6IaPERtRzNljCG4Afo+.3","action":"ProcessGetUpdates", "result":"Done", "context":{"dataType":"Preferences", "deleted":"0", "process_failed_to_decrypt":"0", "process_pending_decryption":"0", "process_success":"12", "total":"12"}}
{"logTime": "1002/024123", "correlationVector":"ssp6IaPERtRzNljCG4Afo+.4","action":"ProcessGetUpdates", "result":"Done", "context":{"dataType":"Autofill Profiles", "deleted":"0", "process_failed_to_decrypt":"0", "process_pending_decryption":"0", "process_success":"1", "total":"1"}}
{"logTime": "1002/024123", "correlationVector":"ssp6IaPERtRzNljCG4Afo+.5","action":"ProcessGetUpdates", "result":"Done", "context":{"dataType":"Autofill", "deleted":"0", "process_failed_to_decrypt":"0", "process_pending_decryption":"0", "process_success":"215", "total":"215"}}
{"logTime": "1002/024123", "correlationVector":"ssp6IaPERtRzNljCG4Afo+.6","action":"ProcessGetUpdates", "result":"Done", "context":{"dataType":"Saved Tab Group", "deleted":"2", "process_failed_to_decrypt":"0", "process_pending_decryption":"0", "process_success":"2", "total":"2"}}
{"logTime": "1002/024123", "correlationVector":"ssp6IaPERtRzNljCG4Afo+.7","action":"ProcessGetUpdates", "result":"Done", "context":{"dataType":"WebAuthn Credentials", "deleted":"0", "process_failed_to_decrypt":"0", "process_pending_decryption":"0", "process_success":"1", "total":"1"}}
{"logTime": "1002/024123", "correlationVector":"ssp6IaPERtRzNljCG4Afo+.8","action":"ProcessGetUpdates", "result":"Done", "context":{"dataType":"Edge Workspace", "deleted":"0", "process_failed_to_decrypt":"0", "process_pending_decryption":"0", "process_success":"1", "total":"1"}}
{"logTime": "1002/024123", "correlationVector":"ssp6IaPERtRzNljCG4Afo+.9","action":"GetUpdates Response", "result":"Success", "context":Received 250 update(s). cV=ssp6IaPERtRzNljCG4Afo+.0;server=akswtt003000003;cloudType=Consumer;environment=Prod_southeastasia_prod-s01-064-apac-southeastasia;migrationStage=NotStarted Some updates remain.}
{"logTime": "1002/024123", "correlationVector":"NDPDl9LCA1n1AjxjpyXq4G","action":"Initial GetUpdates", "result":"", "context":Reason: NEWLY_SUPPORTED_DATATYPE. cV=NDPDl9LCA1n1AjxjpyXq4G}
{"logTime": "1002/024124", "correlationVector":"NDPDl9LCA1n1AjxjpyXq4G.1","action":"SyncServerConnectionManagerRequest", "result":"SYNC_SERVER_OK", "context":{"environment":"Prod_southeastasia_prod-s01-064-apac-southeastasia", "migrationStage":"NotStarted", "server":"akswtt00300005w"}}
{"logTime": "1002/024124", "correlationVector":"NDPDl9LCA1n1AjxjpyXq4G.2","action":"ProcessGetUpdates", "result":"Done", "context":{"dataType":"Bookmarks", "deleted":"1", "process_failed_to_decrypt":"0", "process_pending_decryption":"0", "process_success":"25", "total":"25"}}
{"logTime": "1002/024124", "correlationVector":"NDPDl9LCA1n1AjxjpyXq4G.3","action":"ProcessGetUpdates", "result":"Done", "context":{"dataType":"Preferences", "deleted":"0", "process_failed_to_decrypt":"0", "process_pending_decryption":"0", "process_success":"1", "total":"1"}}
{"logTime": "1002/024124", "correlationVector":"NDPDl9LCA1n1AjxjpyXq4G.4","action":"ProcessGetUpdates", "result":"Done", "context":{"dataType":"Autofill Profiles", "deleted":"0", "process_failed_to_decrypt":"0", "process_pending_decryption":"0", "process_success":"1", "total":"1"}}
{"logTime": "1002/024124", "correlationVector":"NDPDl9LCA1n1AjxjpyXq4G.5","action":"ProcessGetUpdates", "result":"Done", "context":{"dataType":"Autofill", "deleted":"0", "process_failed_to_decrypt":"0", "process_pending_decryption":"0", "process_success":"106", "total":"106"}}
{"logTime": "1002/024124", "correlationVector":"NDPDl9LCA1n1AjxjpyXq4G.6","action":"ProcessGetUpdates", "result":"Done", "context":{"dataType":"Sessions", "deleted":"89", "process_failed_to_decrypt":"0", "process_pending_decryption":"0", "process_success":"89", "total":"89"}}
{"logTime": "1002/024124", "correlationVector":"NDPDl9LCA1n1AjxjpyXq4G.7","action":"ProcessGetUpdates", "result":"Done", "context":{"dataType":"Saved Tab Group", "deleted":"6", "process_failed_to_decrypt":"0", "process_pending_decryption":"0", "process_success":"6", "total":"6"}}
{"logTime": "1002/024124", "correlationVector":"NDPDl9LCA1n1AjxjpyXq4G.8","action":"ProcessGetUpdates", "result":"Done", "context":{"dataType":"Edge Hub App Usage", "deleted":"6", "process_failed_to_decrypt":"0", "process_pending_decryption":"0", "process_success":"19", "total":"19"}}
{"logTime": "1002/024124", "correlationVector":"NDPDl9LCA1n1AjxjpyXq4G.9","action":"ProcessGetUpdates", "result":"Done", "context":{"dataType":"Edge Workspace", "deleted":"0", "process_failed_to_decrypt":"0", "process_pending_decryption":"0", "process_success":"3", "total":"3"}}
{"logTime": "1002/024124", "correlationVector":"NDPDl9LCA1n1AjxjpyXq4G.10","action":"GetUpdates Response", "result":"Success", "context":Received 250 update(s). cV=NDPDl9LCA1n1AjxjpyXq4G.0;server=akswtt00300005w;cloudType=Consumer;environment=Prod_southeastasia_prod-s01-064-apac-southeastasia;migrationStage=NotStarted Some updates remain.}
{"logTime": "1002/024124", "correlationVector":"g985O6e7/GGAMEsmWaf3z5","action":"Initial GetUpdates", "result":"", "context":Reason: NEWLY_SUPPORTED_DATATYPE. cV=g985O6e7/GGAMEsmWaf3z5}
{"logTime": "1002/024125", "correlationVector":"g985O6e7/GGAMEsmWaf3z5.1","action":"SyncServerConnectionManagerRequest", "result":"SYNC_SERVER_OK", "context":{"environment":"Prod_southeastasia_prod-s01-064-apac-southeastasia", "migrationStage":"NotStarted", "server":"akswtt00300005e"}}
{"logTime": "1002/024125", "correlationVector":"g985O6e7/GGAMEsmWaf3z5.2","action":"ProcessGetUpdates", "result":"Done", "context":{"dataType":"Bookmarks", "deleted":"0", "process_failed_to_decrypt":"0", "process_pending_decryption":"0", "process_success":"8", "total":"8"}}
{"logTime": "1002/024125", "correlationVector":"g985O6e7/GGAMEsmWaf3z5.3","action":"ProcessGetUpdates", "result":"Done", "context":{"dataType":"Autofill", "deleted":"0", "process_failed_to_decrypt":"0", "process_pending_decryption":"0", "process_success":"66", "total":"66"}}
{"logTime": "1002/024125", "correlationVector":"g985O6e7/GGAMEsmWaf3z5.4","action":"ProcessGetUpdates", "result":"Done", "context":{"dataType":"Sessions", "deleted":"167", "process_failed_to_decrypt":"0", "process_pending_decryption":"0", "process_success":"167", "total":"167"}}
{"logTime": "1002/024125", "correlationVector":"g985O6e7/GGAMEsmWaf3z5.5","action":"ProcessGetUpdates", "result":"Done", "context":{"dataType":"Edge Hub App Usage", "deleted":"9", "process_failed_to_decrypt":"0", "process_pending_decryption":"0", "process_success":"9", "total":"9"}}
{"logTime": "1002/024125", "correlationVector":"g985O6e7/GGAMEsmWaf3z5.6","action":"GetUpdates Response", "result":"Success", "context":Received 250 update(s). cV=g985O6e7/GGAMEsmWaf3z5.0;server=akswtt00300005e;cloudType=Consumer;environment=Prod_southeastasia_prod-s01-064-apac-southeastasia;migrationStage=NotStarted Some updates remain.}
{"logTime": "1002/024125", "correlationVector":"2KY6GG6PopajiuhcWFr94R","action":"Initial GetUpdates", "result":"", "context":Reason: NEWLY_SUPPORTED_DATATYPE. cV=2KY6GG6PopajiuhcWFr94R}
{"logTime": "1002/024126", "correlationVector":"2KY6GG6PopajiuhcWFr94R.1","action":"SyncServerConnectionManagerRequest", "result":"SYNC_SERVER_OK", "context":{"environment":"Prod_southeastasia_prod-s01-064-apac-southeastasia", "migrationStage":"NotStarted", "server":"akswtt00300000i"}}
{"logTime": "1002/024126", "correlationVector":"2KY6GG6PopajiuhcWFr94R.2","action":"ProcessGetUpdates", "result":"Done", "context":{"dataType":"Bookmarks", "deleted":"0", "process_failed_to_decrypt":"0", "process_pending_decryption":"0", "process_success":"12", "total":"12"}}
{"logTime": "1002/024126", "correlationVector":"2KY6GG6PopajiuhcWFr94R.3","action":"ProcessGetUpdates", "result":"Done", "context":{"dataType":"Preferences", "deleted":"0", "process_failed_to_decrypt":"0", "process_pending_decryption":"0", "process_success":"3", "total":"3"}}
{"logTime": "1002/024126", "correlationVector":"2KY6GG6PopajiuhcWFr94R.4","action":"ProcessGetUpdates", "result":"Done", "context":{"dataType":"Autofill Profiles", "deleted":"0", "process_failed_to_decrypt":"0", "process_pending_decryption":"0", "process_success":"3", "total":"3"}}
{"logTime": "1002/024126", "correlationVector":"2KY6GG6PopajiuhcWFr94R.5","action":"ProcessGetUpdates", "result":"Done", "context":{"dataType":"Autofill", "deleted":"0", "process_failed_to_decrypt":"0", "process_pending_decryption":"0", "process_success":"31", "total":"31"}}
{"logTime": "1002/024126", "correlationVector":"2KY6GG6PopajiuhcWFr94R.6","action":"ProcessGetUpdates", "result":"Done", "context":{"dataType":"Sessions", "deleted":"188", "process_failed_to_decrypt":"0", "process_pending_decryption":"0", "process_success":"188", "total":"188"}}
{"logTime": "1002/024126", "correlationVector":"2KY6GG6PopajiuhcWFr94R.7","action":"ProcessGetUpdates", "result":"Done", "context":{"dataType":"WebAuthn Credentials", "deleted":"0", "process_failed_to_decrypt":"0", "process_pending_decryption":"0", "process_success":"1", "total":"1"}}
{"logTime": "1002/024126", "correlationVector":"2KY6GG6PopajiuhcWFr94R.8","action":"ProcessGetUpdates", "result":"Done", "context":{"dataType":"Edge Hub App Usage", "deleted":"7", "process_failed_to_decrypt":"0", "process_pending_decryption":"0", "process_success":"12", "total":"12"}}
{"logTime": "1002/024126", "correlationVector":"2KY6GG6PopajiuhcWFr94R.9","action":"GetUpdates Response", "result":"Success", "context":Received 250 update(s). cV=2KY6GG6PopajiuhcWFr94R.0;server=akswtt00300000i;cloudType=Consumer;environment=Prod_southeastasia_prod-s01-064-apac-southeastasia;migrationStage=NotStarted Some updates remain.}
{"logTime": "1002/024126", "correlationVector":"jCQJDTxbcElkZx9L5je4PG","action":"Initial GetUpdates", "result":"", "context":Reason: NEWLY_SUPPORTED_DATATYPE. cV=jCQJDTxbcElkZx9L5je4PG}
{"logTime": "1002/024127", "correlationVector":"jCQJDTxbcElkZx9L5je4PG.1","action":"SyncServerConnectionManagerRequest", "result":"SYNC_SERVER_OK", "context":{"environment":"Prod_southeastasia_prod-s01-064-apac-southeastasia", "migrationStage":"NotStarted", "server":"akswtt003000007"}}
{"logTime": "1002/024127", "correlationVector":"jCQJDTxbcElkZx9L5je4PG.2","action":"ProcessGetUpdates", "result":"Done", "context":{"dataType":"Bookmarks", "deleted":"0", "process_failed_to_decrypt":"0", "process_pending_decryption":"0", "process_success":"10", "total":"10"}}
{"logTime": "1002/024127", "correlationVector":"jCQJDTxbcElkZx9L5je4PG.3","action":"ProcessGetUpdates", "result":"Done", "context":{"dataType":"Preferences", "deleted":"0", "process_failed_to_decrypt":"0", "process_pending_decryption":"0", "process_success":"8", "total":"8"}}
{"logTime": "1002/024127", "correlationVector":"jCQJDTxbcElkZx9L5je4PG.4","action":"ProcessGetUpdates", "result":"Done", "context":{"dataType":"Autofill Profiles", "deleted":"0", "process_failed_to_decrypt":"0", "process_pending_decryption":"0", "process_success":"2", "total":"2"}}
{"logTime": "1002/024127", "correlationVector":"jCQJDTxbcElkZx9L5je4PG.5","action":"ProcessGetUpdates", "result":"Done", "context":{"dataType":"Autofill", "deleted":"0", "process_failed_to_decrypt":"0", "process_pending_decryption":"0", "process_success":"18", "total":"18"}}
{"logTime": "1002/024127", "correlationVector":"jCQJDTxbcElkZx9L5je4PG.6","action":"ProcessGetUpdates", "result":"Done", "context":{"dataType":"Sessions", "deleted":"74", "process_failed_to_decrypt":"0", "process_pending_decryption":"0", "process_success":"91", "total":"91"}}
{"logTime": "1002/024127", "correlationVector":"jCQJDTxbcElkZx9L5je4PG.7","action":"GetUpdates Response", "result":"Success", "context":Received 129 update(s). cV=jCQJDTxbcElkZx9L5je4PG.0;server=akswtt003000007;cloudType=Consumer;environment=Prod_southeastasia_prod-s01-064-apac-southeastasia;migrationStage=NotStarted}
{"logTime": "1002/024127", "correlationVector":"IaYvS1mrKsOhCBcSGx2Ytg","action":"Initial GetUpdates", "result":"", "context":Reason: NEWLY_SUPPORTED_DATATYPE. cV=IaYvS1mrKsOhCBcSGx2Ytg}
{"logTime": "1002/024128", "correlationVector":"IaYvS1mrKsOhCBcSGx2Ytg.1","action":"SyncServerConnectionManagerRequest", "result":"SYNC_SERVER_OK", "context":{"environment":"Prod_southeastasia_prod-s01-064-apac-southeastasia", "migrationStage":"NotStarted", "server":"akswtt00300002z"}}
{"logTime": "1002/024128", "correlationVector":"IaYvS1mrKsOhCBcSGx2Ytg.2","action":"ProcessGetUpdates", "result":"Done", "context":{"dataType":"History", "deleted":"0", "process_failed_to_decrypt":"0", "process_pending_decryption":"0", "process_success":"250", "total":"250"}}
{"logTime": "1002/024128", "correlationVector":"IaYvS1mrKsOhCBcSGx2Ytg.3","action":"GetUpdates Response", "result":"Success", "context":Received 250 update(s). cV=IaYvS1mrKsOhCBcSGx2Ytg.0;server=akswtt00300002z;cloudType=Consumer;environment=Prod_southeastasia_prod-s01-064-apac-southeastasia;migrationStage=NotStarted Some updates remain.}
{"logTime": "1002/024128", "correlationVector":"KDlcdI5NuUl56FGVYQNULE","action":"Initial GetUpdates", "result":"", "context":Reason: NEWLY_SUPPORTED_DATATYPE. cV=KDlcdI5NuUl56FGVYQNULE}
{"logTime": "1002/024129", "correlationVector":"KDlcdI5NuUl56FGVYQNULE.1","action":"SyncServerConnectionManagerRequest", "result":"SYNC_SERVER_OK", "context":{"environment":"Prod_southeastasia_prod-s01-064-apac-southeastasia", "migrationStage":"NotStarted", "server":"akswtt003000059"}}
{"logTime": "1002/024129", "correlationVector":"KDlcdI5NuUl56FGVYQNULE.2","action":"ProcessGetUpdates", "result":"Done", "context":{"dataType":"History", "deleted":"0", "process_failed_to_decrypt":"0", "process_pending_decryption":"0", "process_success":"250", "total":"250"}}
{"logTime": "1002/024129", "correlationVector":"KDlcdI5NuUl56FGVYQNULE.3","action":"GetUpdates Response", "result":"Success", "context":Received 250 update(s). cV=KDlcdI5NuUl56FGVYQNULE.0;server=akswtt003000059;cloudType=Consumer;environment=Prod_southeastasia_prod-s01-064-apac-southeastasia;migrationStage=NotStarted Some updates remain.}
{"logTime": "1002/024129", "correlationVector":"7QMpg6h5AS8ir+UtNoCQU/","action":"Initial GetUpdates", "result":"", "context":Reason: NEWLY_SUPPORTED_DATATYPE. cV=7QMpg6h5AS8ir+UtNoCQU/}
{"logTime": "1002/024130", "correlationVector":"7QMpg6h5AS8ir+UtNoCQU/.1","action":"SyncServerConnectionManagerRequest", "result":"SYNC_SERVER_OK", "context":{"environment":"Prod_southeastasia_prod-s01-064-apac-southeastasia", "migrationStage":"NotStarted", "server":"akswtt00300002z"}}
{"logTime": "1002/024130", "correlationVector":"7QMpg6h5AS8ir+UtNoCQU/.2","action":"ProcessGetUpdates", "result":"Done", "context":{"dataType":"History", "deleted":"0", "process_failed_to_decrypt":"0", "process_pending_decryption":"0", "process_success":"250", "total":"250"}}
{"logTime": "1002/024130", "correlationVector":"7QMpg6h5AS8ir+UtNoCQU/.3","action":"GetUpdates Response", "result":"Success", "context":Received 250 update(s). cV=7QMpg6h5AS8ir+UtNoCQU/.0;server=akswtt00300002z;cloudType=Consumer;environment=Prod_southeastasia_prod-s01-064-apac-southeastasia;migrationStage=NotStarted Some updates remain.}
{"logTime": "1002/024130", "correlationVector":"jYcS0pEjA7EW7ITvvv7SH/","action":"Initial GetUpdates", "result":"", "context":Reason: NEWLY_SUPPORTED_DATATYPE. cV=jYcS0pEjA7EW7ITvvv7SH/}
{"logTime": "1002/024132", "correlationVector":"jYcS0pEjA7EW7ITvvv7SH/.1","action":"SyncServerConnectionManagerRequest", "result":"SYNC_SERVER_OK", "context":{"environment":"Prod_southeastasia_prod-s01-064-apac-southeastasia", "migrationStage":"NotStarted", "server":"akswtt00300002f"}}
{"logTime": "1002/024132", "correlationVector":"jYcS0pEjA7EW7ITvvv7SH/.2","action":"ProcessGetUpdates", "result":"Done", "context":{"dataType":"History", "deleted":"0", "process_failed_to_decrypt":"0", "process_pending_decryption":"0", "process_success":"250", "total":"250"}}
{"logTime": "1002/024132", "correlationVector":"jYcS0pEjA7EW7ITvvv7SH/.3","action":"GetUpdates Response", "result":"Success", "context":Received 250 update(s). cV=jYcS0pEjA7EW7ITvvv7SH/.0;server=akswtt00300002f;cloudType=Consumer;environment=Prod_southeastasia_prod-s01-064-apac-southeastasia;migrationStage=NotStarted Some updates remain.}
{"logTime": "1002/024132", "correlationVector":"P+bs/8mXsBhSib3aC6Pcby","action":"Initial GetUpdates", "result":"", "context":Reason: NEWLY_SUPPORTED_DATATYPE. cV=P+bs/8mXsBhSib3aC6Pcby}
{"logTime": "1002/024133", "correlationVector":"P+bs/8mXsBhSib3aC6Pcby.1","action":"SyncServerConnectionManagerRequest", "result":"SYNC_SERVER_OK", "context":{"environment":"Prod_southeastasia_prod-s01-064-apac-southeastasia", "migrationStage":"NotStarted", "server":"akswtt00300002z"}}
{"logTime": "1002/024133", "correlationVector":"P+bs/8mXsBhSib3aC6Pcby.2","action":"ProcessGetUpdates", "result":"Done", "context":{"dataType":"History", "deleted":"0", "process_failed_to_decrypt":"0", "process_pending_decryption":"0", "process_success":"250", "total":"250"}}
{"logTime": "1002/024133", "correlationVector":"P+bs/8mXsBhSib3aC6Pcby.3","action":"GetUpdates Response", "result":"Success", "context":Received 250 update(s). cV=P+bs/8mXsBhSib3aC6Pcby.0;server=akswtt00300002z;cloudType=Consumer;environment=Prod_southeastasia_prod-s01-064-apac-southeastasia;migrationStage=NotStarted Some updates remain.}
{"logTime": "1002/024133", "correlationVector":"UESASBK7GNe3xVWQDuHrhk","action":"Initial GetUpdates", "result":"", "context":Reason: NEWLY_SUPPORTED_DATATYPE. cV=UESASBK7GNe3xVWQDuHrhk}
{"logTime": "1002/024135", "correlationVector":"UESASBK7GNe3xVWQDuHrhk.1","action":"SyncServerConnectionManagerRequest", "result":"SYNC_SERVER_OK", "context":{"environment":"Prod_southeastasia_prod-s01-064-apac-southeastasia", "migrationStage":"NotStarted", "server":"akswtt003000001"}}
{"logTime": "1002/024135", "correlationVector":"UESASBK7GNe3xVWQDuHrhk.2","action":"ProcessGetUpdates", "result":"Done", "context":{"dataType":"History", "deleted":"0", "process_failed_to_decrypt":"0", "process_pending_decryption":"0", "process_success":"250", "total":"250"}}
{"logTime": "1002/024135", "correlationVector":"UESASBK7GNe3xVWQDuHrhk.3","action":"GetUpdates Response", "result":"Success", "context":Received 250 update(s). cV=UESASBK7GNe3xVWQDuHrhk.0;server=akswtt003000001;cloudType=Consumer;environment=Prod_southeastasia_prod-s01-064-apac-southeastasia;migrationStage=NotStarted Some updates remain.}
{"logTime": "1002/024135", "correlationVector":"19o3QKOT2n3+o2EmqSC3G/","action":"Initial GetUpdates", "result":"", "context":Reason: NEWLY_SUPPORTED_DATATYPE. cV=19o3QKOT2n3+o2EmqSC3G/}
{"logTime": "1002/024136", "correlationVector":"19o3QKOT2n3+o2EmqSC3G/.1","action":"SyncServerConnectionManagerRequest", "result":"SYNC_SERVER_OK", "context":{"environment":"Prod_southeastasia_prod-s01-064-apac-southeastasia", "migrationStage":"NotStarted", "server":"akswtt00300005e"}}
{"logTime": "1002/024136", "correlationVector":"19o3QKOT2n3+o2EmqSC3G/.2","action":"ProcessGetUpdates", "result":"Done", "context":{"dataType":"History", "deleted":"0", "process_failed_to_decrypt":"0", "process_pending_decryption":"0", "process_success":"250", "total":"250"}}
{"logTime": "1002/024136", "correlationVector":"19o3QKOT2n3+o2EmqSC3G/.3","action":"GetUpdates Response", "result":"Success", "context":Received 250 update(s). cV=19o3QKOT2n3+o2EmqSC3G/.0;server=akswtt00300005e;cloudType=Consumer;environment=Prod_southeastasia_prod-s01-064-apac-southeastasia;migrationStage=NotStarted Some updates remain.}
{"logTime": "1002/024136", "correlationVector":"LvB7co7TLyrMS8HPbCZauZ","action":"Initial GetUpdates", "result":"", "context":Reason: NEWLY_SUPPORTED_DATATYPE. cV=LvB7co7TLyrMS8HPbCZauZ}
{"logTime": "1002/024138", "correlationVector":"LvB7co7TLyrMS8HPbCZauZ.1","action":"SyncServerConnectionManagerRequest", "result":"SYNC_SERVER_OK", "context":{"environment":"Prod_southeastasia_prod-s01-064-apac-southeastasia", "migrationStage":"NotStarted", "server":"akswtt003000058"}}
{"logTime": "1002/024138", "correlationVector":"LvB7co7TLyrMS8HPbCZauZ.2","action":"ProcessGetUpdates", "result":"Done", "context":{"dataType":"History", "deleted":"0", "process_failed_to_decrypt":"0", "process_pending_decryption":"0", "process_success":"250", "total":"250"}}
{"logTime": "1002/024138", "correlationVector":"LvB7co7TLyrMS8HPbCZauZ.3","action":"GetUpdates Response", "result":"Success", "context":Received 250 update(s). cV=LvB7co7TLyrMS8HPbCZauZ.0;server=akswtt003000058;cloudType=Consumer;environment=Prod_southeastasia_prod-s01-064-apac-southeastasia;migrationStage=NotStarted Some updates remain.}
{"logTime": "1002/024138", "correlationVector":"wVJidz2mF+2tl2odF727Bn","action":"Initial GetUpdates", "result":"", "context":Reason: NEWLY_SUPPORTED_DATATYPE. cV=wVJidz2mF+2tl2odF727Bn}
{"logTime": "1002/024140", "correlationVector":"wVJidz2mF+2tl2odF727Bn.1","action":"SyncServerConnectionManagerRequest", "result":"SYNC_SERVER_OK", "context":{"environment":"Prod_southeastasia_prod-s01-064-apac-southeastasia", "migrationStage":"NotStarted", "server":"akswtt00300002s"}}
{"logTime": "1002/024140", "correlationVector":"wVJidz2mF+2tl2odF727Bn.2","action":"ProcessGetUpdates", "result":"Done", "context":{"dataType":"History", "deleted":"0", "process_failed_to_decrypt":"0", "process_pending_decryption":"0", "process_success":"250", "total":"250"}}
{"logTime": "1002/024140", "correlationVector":"wVJidz2mF+2tl2odF727Bn.3","action":"GetUpdates Response", "result":"Success", "context":Received 250 update(s). cV=wVJidz2mF+2tl2odF727Bn.0;server=akswtt00300002s;cloudType=Consumer;environment=Prod_southeastasia_prod-s01-064-apac-southeastasia;migrationStage=NotStarted Some updates remain.}
{"logTime": "1002/024140", "correlationVector":"EV+SFMeWSPH7gWlSgymHfZ","action":"Initial GetUpdates", "result":"", "context":Reason: NEWLY_SUPPORTED_DATATYPE. cV=EV+SFMeWSPH7gWlSgymHfZ}
{"logTime": "1002/024141", "correlationVector":"EV+SFMeWSPH7gWlSgymHfZ.1","action":"SyncServerConnectionManagerRequest", "result":"SYNC_SERVER_OK", "context":{"environment":"Prod_southeastasia_prod-s01-064-apac-southeastasia", "migrationStage":"NotStarted", "server":"akswtt00300002x"}}
{"logTime": "1002/024141", "correlationVector":"EV+SFMeWSPH7gWlSgymHfZ.2","action":"ProcessGetUpdates", "result":"Done", "context":{"dataType":"History", "deleted":"0", "process_failed_to_decrypt":"0", "process_pending_decryption":"0", "process_success":"250", "total":"250"}}
{"logTime": "1002/024141", "correlationVector":"EV+SFMeWSPH7gWlSgymHfZ.3","action":"GetUpdates Response", "result":"Success", "context":Received 250 update(s). cV=EV+SFMeWSPH7gWlSgymHfZ.0;server=akswtt00300002x;cloudType=Consumer;environment=Prod_southeastasia_prod-s01-064-apac-southeastasia;migrationStage=NotStarted Some updates remain.}
{"logTime": "1002/024141", "correlationVector":"R0Vv0hm8Rf0lruzf2J6LGR","action":"Initial GetUpdates", "result":"", "context":Reason: NEWLY_SUPPORTED_DATATYPE. cV=R0Vv0hm8Rf0lruzf2J6LGR}
{"logTime": "1002/024142", "correlationVector":"R0Vv0hm8Rf0lruzf2J6LGR.1","action":"SyncServerConnectionManagerRequest", "result":"SYNC_SERVER_OK", "context":{"environment":"Prod_southeastasia_prod-s01-064-apac-southeastasia", "migrationStage":"NotStarted", "server":"akswtt00300003k"}}
{"logTime": "1002/024142", "correlationVector":"R0Vv0hm8Rf0lruzf2J6LGR.2","action":"ProcessGetUpdates", "result":"Done", "context":{"dataType":"History", "deleted":"0", "process_failed_to_decrypt":"0", "process_pending_decryption":"0", "process_success":"250", "total":"250"}}
{"logTime": "1002/024142", "correlationVector":"R0Vv0hm8Rf0lruzf2J6LGR.3","action":"GetUpdates Response", "result":"Success", "context":Received 250 update(s). cV=R0Vv0hm8Rf0lruzf2J6LGR.0;server=akswtt00300003k;cloudType=Consumer;environment=Prod_southeastasia_prod-s01-064-apac-southeastasia;migrationStage=NotStarted Some updates remain.}
{"logTime": "1002/024142", "correlationVector":"B0l9kruqd2l7946ciUZclM","action":"Initial GetUpdates", "result":"", "context":Reason: NEWLY_SUPPORTED_DATATYPE. cV=B0l9kruqd2l7946ciUZclM}
{"logTime": "1002/024144", "correlationVector":"B0l9kruqd2l7946ciUZclM.1","action":"SyncServerConnectionManagerRequest", "result":"SYNC_SERVER_OK", "context":{"environment":"Prod_southeastasia_prod-s01-064-apac-southeastasia", "migrationStage":"NotStarted", "server":"akswtt00300003j"}}
{"logTime": "1002/024144", "correlationVector":"B0l9kruqd2l7946ciUZclM.2","action":"ProcessGetUpdates", "result":"Done", "context":{"dataType":"History", "deleted":"0", "process_failed_to_decrypt":"0", "process_pending_decryption":"0", "process_success":"250", "total":"250"}}
{"logTime": "1002/024144", "correlationVector":"B0l9kruqd2l7946ciUZclM.3","action":"GetUpdates Response", "result":"Success", "context":Received 250 update(s). cV=B0l9kruqd2l7946ciUZclM.0;server=akswtt00300003j;cloudType=Consumer;environment=Prod_southeastasia_prod-s01-064-apac-southeastasia;migrationStage=NotStarted Some updates remain.}
{"logTime": "1002/024144", "correlationVector":"gXxEv5OxB3MPe3zV4z5JPT","action":"Initial GetUpdates", "result":"", "context":Reason: NEWLY_SUPPORTED_DATATYPE. cV=gXxEv5OxB3MPe3zV4z5JPT}
{"logTime": "1002/024145", "correlationVector":"gXxEv5OxB3MPe3zV4z5JPT.1","action":"SyncServerConnectionManagerRequest", "result":"SYNC_SERVER_OK", "context":{"environment":"Prod_southeastasia_prod-s01-064-apac-southeastasia", "migrationStage":"NotStarted", "server":"akswtt003000066"}}
{"logTime": "1002/024145", "correlationVector":"gXxEv5OxB3MPe3zV4z5JPT.2","action":"ProcessGetUpdates", "result":"Done", "context":{"dataType":"History", "deleted":"0", "process_failed_to_decrypt":"0", "process_pending_decryption":"0", "process_success":"250", "total":"250"}}
{"logTime": "1002/024145", "correlationVector":"gXxEv5OxB3MPe3zV4z5JPT.3","action":"GetUpdates Response", "result":"Success", "context":Received 250 update(s). cV=gXxEv5OxB3MPe3zV4z5JPT.0;server=akswtt003000066;cloudType=Consumer;environment=Prod_southeastasia_prod-s01-064-apac-southeastasia;migrationStage=NotStarted Some updates remain.}
{"logTime": "1002/024145", "correlationVector":"vHjf/heeRFh6bBqo2PTjXt","action":"Initial GetUpdates", "result":"", "context":Reason: NEWLY_SUPPORTED_DATATYPE. cV=vHjf/heeRFh6bBqo2PTjXt}
{"logTime": "1002/024146", "correlationVector":"vHjf/heeRFh6bBqo2PTjXt.1","action":"SyncServerConnectionManagerRequest", "result":"SYNC_SERVER_OK", "context":{"environment":"Prod_southeastasia_prod-s01-064-apac-southeastasia", "migrationStage":"NotStarted", "server":"akswtt00300002l"}}
{"logTime": "1002/024146", "correlationVector":"vHjf/heeRFh6bBqo2PTjXt.2","action":"ProcessGetUpdates", "result":"Done", "context":{"dataType":"History", "deleted":"0", "process_failed_to_decrypt":"0", "process_pending_decryption":"0", "process_success":"250", "total":"250"}}
{"logTime": "1002/024146", "correlationVector":"vHjf/heeRFh6bBqo2PTjXt.3","action":"GetUpdates Response", "result":"Success", "context":Received 250 update(s). cV=vHjf/heeRFh6bBqo2PTjXt.0;server=akswtt00300002l;cloudType=Consumer;environment=Prod_southeastasia_prod-s01-064-apac-southeastasia;migrationStage=NotStarted Some updates remain.}
{"logTime": "1002/024146", "correlationVector":"Ev62jzFlW2LJajoGlhCqjT","action":"Initial GetUpdates", "result":"", "context":Reason: NEWLY_SUPPORTED_DATATYPE. cV=Ev62jzFlW2LJajoGlhCqjT}
{"logTime": "1002/024147", "correlationVector":"Ev62jzFlW2LJajoGlhCqjT.1","action":"SyncServerConnectionManagerRequest", "result":"SYNC_SERVER_OK", "context":{"environment":"Prod_southeastasia_prod-s01-064-apac-southeastasia", "migrationStage":"NotStarted", "server":"akswtt00300002u"}}
{"logTime": "1002/024147", "correlationVector":"Ev62jzFlW2LJajoGlhCqjT.2","action":"ProcessGetUpdates", "result":"Done", "context":{"dataType":"History", "deleted":"0", "process_failed_to_decrypt":"0", "process_pending_decryption":"0", "process_success":"250", "total":"250"}}
{"logTime": "1002/024147", "correlationVector":"Ev62jzFlW2LJajoGlhCqjT.3","action":"GetUpdates Response", "result":"Success", "context":Received 250 update(s). cV=Ev62jzFlW2LJajoGlhCqjT.0;server=akswtt00300002u;cloudType=Consumer;environment=Prod_southeastasia_prod-s01-064-apac-southeastasia;migrationStage=NotStarted Some updates remain.}
{"logTime": "1002/024147", "correlationVector":"Tfum4pQK3y8YAS4DZhX0Qr","action":"Initial GetUpdates", "result":"", "context":Reason: NEWLY_SUPPORTED_DATATYPE. cV=Tfum4pQK3y8YAS4DZhX0Qr}
{"logTime": "1002/024147", "correlationVector":"Tfum4pQK3y8YAS4DZhX0Qr.1","action":"SyncServerConnectionManagerRequest", "result":"SYNC_SERVER_OK", "context":{"environment":"Prod_southeastasia_prod-s01-064-apac-southeastasia", "migrationStage":"NotStarted", "server":"akswtt003000059"}}
{"logTime": "1002/024147", "correlationVector":"Tfum4pQK3y8YAS4DZhX0Qr.2","action":"ProcessGetUpdates", "result":"Done", "context":{"dataType":"History", "deleted":"0", "process_failed_to_decrypt":"0", "process_pending_decryption":"0", "process_success":"128", "total":"128"}}
{"logTime": "1002/024147", "correlationVector":"Tfum4pQK3y8YAS4DZhX0Qr.3","action":"GetUpdates Response", "result":"Success", "context":Received 128 update(s). cV=Tfum4pQK3y8YAS4DZhX0Qr.0;server=akswtt003000059;cloudType=Consumer;environment=Prod_southeastasia_prod-s01-064-apac-southeastasia;migrationStage=NotStarted}
{"logTime": "1002/024147", "correlationVector":"sHBvryxpvV/O4qpZMOl8D1","action":"Normal GetUpdate request", "result":"", "context":cV=sHBvryxpvV/O4qpZMOl8D1
Nudged types: Sessions, Device Info, User Consents
Refresh requested types: Bookmarks, Preferences, Passwords, Autofill Profiles, Autofill, Extensions, Sessions, Extension settings, History Delete Directives, Device Info, User Consents, Send Tab To Self, Web Apps, History, Saved Tab Group, WebAuthn Credentials, Edge Hub App Usage, Edge Workspace, Encryption Keys}
{"logTime": "1002/024149", "correlationVector":"sHBvryxpvV/O4qpZMOl8D1.1","action":"SyncServerConnectionManagerRequest", "result":"SYNC_SERVER_OK", "context":{"environment":"Prod_southeastasia_prod-s01-064-apac-southeastasia", "migrationStage":"NotStarted", "server":"akswtt00300003k"}}
{"logTime": "1002/024149", "correlationVector":"sHBvryxpvV/O4qpZMOl8D1.2","action":"GetUpdates Response", "result":"Success", "context":Received 0 update(s). cV=sHBvryxpvV/O4qpZMOl8D1.0;server=akswtt00300003k;cloudType=Consumer;environment=Prod_southeastasia_prod-s01-064-apac-southeastasia;migrationStage=NotStarted}
{"logTime": "1002/024149", "correlationVector":"X2qKTdUPKKkOSHWnBntZIv","action":"DoCompareDataConsistency requsted types: ", "result":"Bookmarks, Preferences, Passwords, Extensions, Extension settings, History Delete Directives, Send Tab To Self, Web Apps, History, Saved Tab Group, WebAuthn Credentials, Edge Workspace, Encryption Keys"}
{"logTime": "1002/024149", "correlationVector":"X2qKTdUPKKkOSHWnBntZIv.0","action":"CompareDataConsistency result: ", "result":"Compare result: Encryption Keys is consistent. local entities count is: 1 local entities hash is: xX3J/vWRTGbKzB0aw5H+xlR890w="}
{"logTime": "1002/024149", "correlationVector":"X2qKTdUPKKkOSHWnBntZIv.1","action":"CompareDataConsistency result: ", "result":"Compare result: Bookmarks is consistent. local entities count is: 93 local entities hash is: 8GM/yoZgT7dRGwmNBoLq7i5epv0="}
{"logTime": "1002/024149", "correlationVector":"X2qKTdUPKKkOSHWnBntZIv.2","action":"CompareDataConsistency result: ", "result":"Compare result: Preferences is consistent. local entities count is: 90 local entities hash is: BjaQrgU07eWEkvATM6FchQSxKIg="}
{"logTime": "1002/024149", "correlationVector":"X2qKTdUPKKkOSHWnBntZIv.3","action":"CompareDataConsistency result: ", "result":"Compare result: Extensions is consistent. local entities count is: 1 local entities hash is: VmjB/BFm48njVevC3eZVeolFdyQ="}
{"logTime": "1002/024149", "correlationVector":"X2qKTdUPKKkOSHWnBntZIv.4","action":"CompareDataConsistency result: ", "result":"Compare result: Extension settings is consistent. local entities count is: 0 local entities hash is: "}
{"logTime": "1002/024149", "correlationVector":"X2qKTdUPKKkOSHWnBntZIv.5","action":"CompareDataConsistency result: ", "result":"Compare result: History Delete Directives is consistent. local entities count is: 0 local entities hash is: "}
{"logTime": "1002/024149", "correlationVector":"X2qKTdUPKKkOSHWnBntZIv.6","action":"CompareDataConsistency result: ", "result":"Server did not send this Send Tab To Self local entities count is: 0 local entities hash is: "}
{"logTime": "1002/024149", "correlationVector":"X2qKTdUPKKkOSHWnBntZIv.7","action":"CompareDataConsistency result: ", "result":"Compare result: Web Apps is consistent. local entities count is: 0 local entities hash is: "}
{"logTime": "1002/024149", "correlationVector":"X2qKTdUPKKkOSHWnBntZIv.8","action":"CompareDataConsistency result: ", "result":"Server did not send this History local entities count is: 0 local entities hash is: "}
{"logTime": "1002/024149", "correlationVector":"X2qKTdUPKKkOSHWnBntZIv.9","action":"CompareDataConsistency result: ", "result":"Compare result: Saved Tab Group is consistent. local entities count is: 0 local entities hash is: "}
{"logTime": "1002/024149", "correlationVector":"X2qKTdUPKKkOSHWnBntZIv.10","action":"CompareDataConsistency result: ", "result":"Server did not send this WebAuthn Credentials local entities count is: 2 local entities hash is: iw0pYLqyOTdKGAYMMdmPPZf5OPw="}
{"logTime": "1002/024149", "correlationVector":"X2qKTdUPKKkOSHWnBntZIv.11","action":"CompareDataConsistency result: ", "result":"Server did not send this Edge Workspace local entities count is: 4 local entities hash is: xfAKUQnaHSJTGaUs2FX9lkKqyGU="}
{"logTime": "1002/024149", "correlationVector":"X2qKTdUPKKkOSHWnBntZIv.12","action":"CompareDataConsistency result: ", "result":"Compare result: Passwords is consistent. local entities count is: 14 local entities hash is: XkPeIEmLINnf2Xy5tKxRl33Zz8Q="}
{"logTime": "1002/024149", "correlationVector":"9W3x6TUGc6sJC4HPyzi9o4","action":"Commit Request", "result":"", "context":Item count: 4
Contributing types: Sessions, Device Info, User Consents}
{"logTime": "1002/024150", "correlationVector":"9W3x6TUGc6sJC4HPyzi9o4.1","action":"SyncServerConnectionManagerRequest", "result":"SYNC_SERVER_OK", "context":{"environment":"Prod_southeastasia_prod-s01-064-apac-southeastasia", "migrationStage":"NotStarted", "server":"akswtt00300003r"}}
{"logTime": "1002/024150", "correlationVector":"9W3x6TUGc6sJC4HPyzi9o4.2","action":"Commit Response", "result":"Success", "context":Result: Success. cV=9W3x6TUGc6sJC4HPyzi9o4.0;server=akswtt00300003r;cloudType=Consumer;environment=Prod_southeastasia_prod-s01-064-apac-southeastasia;migrationStage=NotStarted}
{"logTime": "1002/024150", "correlationVector":"","action":"DIAGNOSTIC_REQUEST|v1/diagnosticData/Diagnostic.SendCheckResult()|SUCCESS", "result":""}
{"logTime": "1002/024202", "correlationVector":"Qp6jrKNKayqNhnCR4GxxJM","action":"Normal GetUpdate request", "result":"", "context":cV=Qp6jrKNKayqNhnCR4GxxJM
Notified types: History}
{"logTime": "1002/024203", "correlationVector":"Qp6jrKNKayqNhnCR4GxxJM.1","action":"SyncServerConnectionManagerRequest", "result":"SYNC_SERVER_OK", "context":{"environment":"Prod_southeastasia_prod-s01-064-apac-southeastasia", "migrationStage":"NotStarted", "server":"akswtt00300005e"}}
{"logTime": "1002/024203", "correlationVector":"Qp6jrKNKayqNhnCR4GxxJM.2","action":"ProcessGetUpdates", "result":"Done", "context":{"dataType":"Sessions", "deleted":"5", "process_failed_to_decrypt":"0", "process_pending_decryption":"0", "process_success":"13", "total":"13"}}
{"logTime": "1002/024203", "correlationVector":"Qp6jrKNKayqNhnCR4GxxJM.3","action":"ProcessGetUpdates", "result":"Done", "context":{"dataType":"Device Info", "deleted":"0", "process_failed_to_decrypt":"0", "process_pending_decryption":"0", "process_success":"1", "total":"1"}}
{"logTime": "1002/024203", "correlationVector":"Qp6jrKNKayqNhnCR4GxxJM.4","action":"ProcessGetUpdates", "result":"Done", "context":{"dataType":"History", "deleted":"0", "process_failed_to_decrypt":"0", "process_pending_decryption":"0", "process_success":"21", "total":"21"}}
{"logTime": "1002/024203", "correlationVector":"Qp6jrKNKayqNhnCR4GxxJM.5","action":"GetUpdates Response", "result":"Success", "context":Received 35 update(s). cV=Qp6jrKNKayqNhnCR4GxxJM.0;server=akswtt00300005e;cloudType=Consumer;environment=Prod_southeastasia_prod-s01-064-apac-southeastasia;migrationStage=NotStarted}
{"logTime": "1002/024215", "correlationVector":"K55uL2cdEC4WJ5jkQWUzGw","action":"Commit Request", "result":"", "context":Item count: 14
Contributing types: Passwords}
{"logTime": "1002/024219", "correlationVector":"K55uL2cdEC4WJ5jkQWUzGw.1","action":"SyncServerConnectionManagerRequest", "result":"SYNC_SERVER_OK", "context":{"environment":"Prod_southeastasia_prod-s01-064-apac-southeastasia", "migrationStage":"NotStarted", "server":"akswtt003000068"}}
{"logTime": "1002/024219", "correlationVector":"K55uL2cdEC4WJ5jkQWUzGw.2","action":"Commit Response", "result":"Success", "context":Result: Success. cV=K55uL2cdEC4WJ5jkQWUzGw.0;server=akswtt003000068;cloudType=Consumer;environment=Prod_southeastasia_prod-s01-064-apac-southeastasia;migrationStage=NotStarted}
