2026-10-02 02:41:15.001: [INFO] CurrentProfilePath: D:\qing_zhuomian_\开发区\skillnet\skillnet-demo\.e_run1\Default
2026-10-02 02:41:15.001: [INFO] Profiles total count: 1
2026-10-02 02:41:15.001: [INFO] Profile: name=用户配置 1 path=D:\qing_zhuomian_\开发区\skillnet\skillnet-demo\.e_run1\Default lastActive=2026-10-02T02:41:14.990Z
2026-10-02 02:41:15.001: [INFO] LastUsedProfileDir: D:\qing_zhuomian_\开发区\skillnet\skillnet-demo\.e_run1\Default
2026-10-02 02:41:15.001: [INFO] MostRecentlyActiveProfile: name=用户配置 1 path=D:\qing_zhuomian_\开发区\skillnet\skillnet-demo\.e_run1\Default lastActive=2026-10-02T02:41:14.990Z
2026-10-02 02:41:15.001: [INFO] OnDoneLoading sync enabled: 0
2026-10-02 02:41:15.001: [INFO] BookmarkModelLoaded, ids_reassigned: 0
2026-10-02 02:41:15.001: [INFO] BookmarksLoadDropped droppedNodes=0
2026-10-02 02:41:15.001: [INFO] BookmarksSnapshot Startup total=0 bar=0 other=0 mobile=0 showBar=0 showBarNTP=1
2026-10-02 02:41:15.003: [INFO] RecordSyncInitDuration has_sync_been_enabled: 0 state: 0
2026-10-02 02:41:15.196: [INFO] VisibilityChanged: 0
2026-10-02 02:41:15.694: [INFO] RecordSyncInitDuration has_sync_been_enabled: 0 state: 0
2026-10-02 02:41:15.696: [INFO] RecordSyncInitDuration has_sync_been_enabled: 0 state: 3
2026-10-02 02:41:15.699: [INFO] Primary account changed.
2026-10-02 02:41:15.699: [INFO] OnPrimaryAccountChanged PrimaryAccountChangeEvent::Type::kSet
2026-10-02 02:41:15.707: [INFO] RecordSyncInitDuration has_sync_been_enabled: 0 state: 3
2026-10-02 02:41:15.721: [INFO] RecordSyncInitDuration has_sync_been_enabled: 0 state: 3
2026-10-02 02:41:27.401: [INFO] BookmarkNodeAdded, ABU: 0
2026-10-02 02:41:27.402: [INFO] BookmarkNodeAdded, ABU: 0
2026-10-02 02:41:27.402: [INFO] BookmarkNodeAdded, ABU: 0
2026-10-02 02:41:27.402: [INFO] BookmarkNodeAdded, ABU: 0
2026-10-02 02:41:27.402: [INFO] BookmarkNodeAdded, ABU: 0
2026-10-02 02:41:27.403: [INFO] BookmarkNodeAdded, ABU: 0
2026-10-02 02:41:27.403: [INFO] BookmarkNodeAdded, ABU: 0
2026-10-02 02:41:27.403: [INFO] BookmarkNodeAdded, ABU: 0
2026-10-02 02:41:27.404: [INFO] BookmarkNodeAdded, ABU: 0
2026-10-02 02:41:27.404: [INFO] BookmarkNodeAdded, ABU: 0
2026-10-02 02:41:27.404: [INFO] BookmarkNodeAdded, ABU: 0
2026-10-02 02:41:27.405: [INFO] BookmarkNodeAdded, ABU: 0
2026-10-02 02:41:27.405: [INFO] BookmarkNodeAdded, ABU: 0
2026-10-02 02:41:27.405: [INFO] BookmarkNodeAdded, ABU: 0
2026-10-02 02:41:27.406: [INFO] BookmarkNodeAdded, ABU: 0
2026-10-02 02:41:27.406: [INFO] BookmarkNodeAdded, ABU: 0
2026-10-02 02:41:27.406: [INFO] BookmarkNodeAdded, ABU: 0
2026-10-02 02:41:27.406: [INFO] BookmarkNodeAdded, ABU: 0
2026-10-02 02:41:27.406: [INFO] BookmarkNodeAdded, ABU: 0
2026-10-02 02:41:27.407: [INFO] BookmarkNodeAdded, ABU: 0
2026-10-02 02:41:27.407: [INFO] BookmarkNodeAdded, ABU: 0
2026-10-02 02:41:27.407: [INFO] BookmarkNodeAdded, ABU: 0
2026-10-02 02:41:27.407: [INFO] BookmarkNodeAdded, ABU: 0
2026-10-02 02:41:27.408: [INFO] BookmarkNodeAdded, ABU: 0
2026-10-02 02:41:27.408: [INFO] BookmarkNodeAdded, ABU: 0
2026-10-02 02:41:27.408: [INFO] BookmarkNodeAdded, ABU: 0
2026-10-02 02:41:27.408: [INFO] BookmarkNodeAdded, ABU: 0
2026-10-02 02:41:27.409: [INFO] BookmarkNodeAdded, ABU: 0
2026-10-02 02:41:27.409: [INFO] BookmarkNodeAdded, ABU: 0
2026-10-02 02:41:27.409: [INFO] BookmarkNodeAdded, ABU: 0
2026-10-02 02:41:27.409: [INFO] BookmarkNodeAdded, ABU: 0
2026-10-02 02:41:27.410: [INFO] BookmarkNodeAdded, ABU: 0
2026-10-02 02:41:27.410: [INFO] BookmarkNodeAdded, ABU: 0
2026-10-02 02:41:27.410: [INFO] BookmarkNodeAdded, ABU: 0
2026-10-02 02:41:27.410: [INFO] BookmarkNodeAdded, ABU: 0
2026-10-02 02:41:27.411: [INFO] BookmarkNodeAdded, ABU: 0
2026-10-02 02:41:27.411: [INFO] BookmarkNodeAdded, ABU: 0
2026-10-02 02:41:27.411: [INFO] BookmarkNodeAdded, ABU: 0
2026-10-02 02:41:27.412: [INFO] BookmarkNodeAdded, ABU: 0
2026-10-02 02:41:27.412: [INFO] BookmarkNodeAdded, ABU: 0
2026-10-02 02:41:27.412: [INFO] BookmarkNodeAdded, ABU: 0
2026-10-02 02:41:27.412: [INFO] BookmarkNodeAdded, ABU: 0
2026-10-02 02:41:27.412: [INFO] BookmarkNodeAdded, ABU: 0
2026-10-02 02:41:27.413: [INFO] BookmarkNodeAdded, ABU: 0
2026-10-02 02:41:27.413: [INFO] BookmarkNodeAdded, ABU: 0
2026-10-02 02:41:27.413: [INFO] BookmarkNodeAdded, ABU: 0
2026-10-02 02:41:27.414: [INFO] BookmarkNodeAdded, ABU: 0
2026-10-02 02:41:27.414: [INFO] BookmarkNodeAdded, ABU: 0
2026-10-02 02:41:27.414: [INFO] BookmarkNodeAdded, ABU: 0
2026-10-02 02:41:27.414: [INFO] BookmarkNodeAdded, ABU: 0
2026-10-02 02:41:27.414: [INFO] BookmarkNodeAdded, ABU: 0
2026-10-02 02:41:27.422: [INFO] BookmarkNodeAdded, ABU: 0
2026-10-02 02:41:27.422: [INFO] BookmarkNodeAdded, ABU: 0
2026-10-02 02:41:27.422: [INFO] BookmarkNodeAdded, ABU: 0
2026-10-02 02:41:27.423: [INFO] BookmarkNodeAdded, ABU: 0
2026-10-02 02:41:27.423: [INFO] BookmarkNodeAdded, ABU: 0
2026-10-02 02:41:27.423: [INFO] BookmarkNodeAdded, ABU: 0
2026-10-02 02:41:27.423: [INFO] BookmarkNodeAdded, ABU: 0
2026-10-02 02:41:27.423: [INFO] BookmarkNodeAdded, ABU: 0
2026-10-02 02:41:27.424: [INFO] BookmarkNodeAdded, ABU: 0
2026-10-02 02:41:27.424: [INFO] BookmarkNodeAdded, ABU: 0
2026-10-02 02:41:27.424: [INFO] BookmarkNodeAdded, ABU: 0
2026-10-02 02:41:27.424: [INFO] BookmarkNodeAdded, ABU: 0
2026-10-02 02:41:27.425: [INFO] BookmarkNodeAdded, ABU: 0
2026-10-02 02:41:27.425: [INFO] BookmarkNodeAdded, ABU: 0
2026-10-02 02:41:27.425: [INFO] BookmarkNodeAdded, ABU: 0
2026-10-02 02:41:27.425: [INFO] BookmarkNodeAdded, ABU: 0
2026-10-02 02:41:27.426: [INFO] BookmarkNodeAdded, ABU: 0
2026-10-02 02:41:27.426: [INFO] BookmarkNodeAdded, ABU: 0
2026-10-02 02:41:27.426: [INFO] BookmarkNodeAdded, ABU: 0
2026-10-02 02:41:27.426: [INFO] BookmarkNodeAdded, ABU: 0
2026-10-02 02:41:27.427: [INFO] BookmarkNodeAdded, ABU: 0
2026-10-02 02:41:27.427: [INFO] BookmarkNodeAdded, ABU: 0
2026-10-02 02:41:27.427: [INFO] BookmarkNodeAdded, ABU: 0
2026-10-02 02:41:27.427: [INFO] BookmarkNodeAdded, ABU: 0
2026-10-02 02:41:27.428: [INFO] BookmarkNodeAdded, ABU: 0
2026-10-02 02:41:27.428: [INFO] BookmarkNodeAdded, ABU: 0
2026-10-02 02:41:27.428: [INFO] BookmarkNodeAdded, ABU: 0
2026-10-02 02:41:27.428: [INFO] BookmarkNodeAdded, ABU: 0
2026-10-02 02:41:27.429: [INFO] BookmarkNodeAdded, ABU: 0
2026-10-02 02:41:27.429: [INFO] BookmarkNodeAdded, ABU: 0
2026-10-02 02:41:27.429: [INFO] BookmarkNodeAdded, ABU: 0
2026-10-02 02:41:27.429: [INFO] BookmarkNodeAdded, ABU: 0
2026-10-02 02:41:27.430: [INFO] BookmarkNodeAdded, ABU: 0
2026-10-02 02:41:27.430: [INFO] BookmarkNodeAdded, ABU: 0
2026-10-02 02:41:27.430: [INFO] BookmarkNodeAdded, ABU: 0
2026-10-02 02:41:27.430: [INFO] BookmarkNodeAdded, ABU: 0
2026-10-02 02:41:27.431: [INFO] BookmarkNodeAdded, ABU: 0
2026-10-02 02:41:27.431: [INFO] BookmarkNodeAdded, ABU: 0
2026-10-02 02:41:27.431: [INFO] BookmarkNodeAdded, ABU: 0
2026-10-02 02:41:27.431: [INFO] BookmarkNodeAdded, ABU: 0
2026-10-02 02:41:27.432: [INFO] BookmarkNodeAdded, ABU: 0
2026-10-02 02:41:27.432: [INFO] BookmarkNodeAdded, ABU: 0
2026-10-02 02:41:47.900: [INFO] Sync initialization duration: 32079ms
